Please enter the device passcode to continue the backup
failed to include cv2!
Device: iPhone (Рустам) (iPhone15,4, D37AP) iOS 27.0 (24A5408d)
Speakeasy payload ->
{'SpringBoard': {'SpeakeasyNewStatusBar': {'Enabled': True, 'overrideServiceString': 1, 'values': {'serviceString': 'awesomenull'}}}}
[probe] radios.plist marker injection armed

[start] three-phase protective backup path:
    Preparing to restore...
DO NOT UNPLUG
    Restoring to device... (   0.0% )
DO NOT UNPLUG
    Restoring to device... (   0.0% )
DO NOT UNPLUG
    Restoring to device... (   0.0% )
DO NOT UNPLUG
    Restoring to device... (   0.0% )
DO NOT UNPLUG
    Restoring to device... (   2.0% )
DO NOT UNPLUG
    Restoring to device... (   6.0% )
DO NOT UNPLUG
    Restoring to device... (  15.4% )
DO NOT UNPLUG
    Restoring to device... (  15.9% )
DO NOT UNPLUG
    Restoring to device... (  16.8% )
DO NOT UNPLUG
    Restoring to device... (  17.0% )
DO NOT UNPLUG
    Restoring to device... (  17.2% )
DO NOT UNPLUG
    Restoring to device... (  17.5% )
DO NOT UNPLUG
    Restoring to device... (  18.2% )
DO NOT UNPLUG
    Restoring to device... (  20.6% )
DO NOT UNPLUG
    Restoring to device... (  22.1% )
DO NOT UNPLUG
    Restoring to device... (  24.6% )
DO NOT UNPLUG
    Restoring to device... (  25.6% )
DO NOT UNPLUG
    Restoring to device... (  26.6% )
DO NOT UNPLUG
    Restoring to device... (  27.2% )
DO NOT UNPLUG
    Restoring to device... (  28.5% )
DO NOT UNPLUG
    Restoring to device... (  29.9% )
DO NOT UNPLUG
    Restoring to device... (  30.3% )
DO NOT UNPLUG
    Restoring to device... (  30.6% )
DO NOT UNPLUG
    Restoring to device... (  31.6% )
DO NOT UNPLUG
    Restoring to device... (  31.8% )
DO NOT UNPLUG
    Restoring to device... (  32.7% )
DO NOT UNPLUG
    Restoring to device... (  33.2% )
DO NOT UNPLUG
    Restoring to device... (  34.3% )
DO NOT UNPLUG
    Restoring to device... (  34.8% )
DO NOT UNPLUG
    Restoring to device... (  35.4% )
DO NOT UNPLUG
    Restoring to device... (  36.4% )
DO NOT UNPLUG
    Restoring to device... (  36.6% )
DO NOT UNPLUG
    Restoring to device... (  37.1% )
DO NOT UNPLUG
    Restoring to device... (  37.7% )
DO NOT UNPLUG
    Restoring to device... (  37.7% )
DO NOT UNPLUG
    Restoring to device... (  37.7% )
DO NOT UNPLUG
    Restoring to device... (  37.7% )
DO NOT UNPLUG
    Restoring to device... (  37.8% )
DO NOT UNPLUG
    Restoring to device... (  37.9% )
DO NOT UNPLUG
    Restoring to device... (  37.9% )
DO NOT UNPLUG
    Restoring to device... (  38.0% )
DO NOT UNPLUG
    Restoring to device... (  38.1% )
DO NOT UNPLUG
    Restoring to device... (  38.2% )
DO NOT UNPLUG
    Restoring to device... (  38.3% )
DO NOT UNPLUG
    Restoring to device... (  38.3% )
DO NOT UNPLUG
    Restoring to device... (  38.4% )
DO NOT UNPLUG
    Restoring to device... (  38.5% )
DO NOT UNPLUG
    Restoring to device... (  38.6% )
DO NOT UNPLUG
    Restoring to device... (  38.6% )
DO NOT UNPLUG
    Restoring to device... (  38.7% )
DO NOT UNPLUG
    Restoring to device... (  38.8% )
DO NOT UNPLUG
    Restoring to device... (  38.9% )
DO NOT UNPLUG
    Restoring to device... (  39.0% )
DO NOT UNPLUG
    Restoring to device... (  39.0% )
DO NOT UNPLUG
    Restoring to device... (  39.1% )
DO NOT UNPLUG
    Restoring to device... (  39.2% )
DO NOT UNPLUG
    Restoring to device... (  39.3% )
DO NOT UNPLUG
    Restoring to device... (  39.3% )
DO NOT UNPLUG
    Restoring to device... (  39.4% )
DO NOT UNPLUG
    Restoring to device... (  39.5% )
DO NOT UNPLUG
    Restoring to device... (  39.6% )
DO NOT UNPLUG
    Restoring to device... (  39.7% )
DO NOT UNPLUG
    Restoring to device... (  39.7% )
DO NOT UNPLUG
    Restoring to device... (  39.8% )
DO NOT UNPLUG
    Restoring to device... (  39.9% )
DO NOT UNPLUG
    Restoring to device... (  40.0% )
DO NOT UNPLUG
    Restoring to device... (  40.0% )
DO NOT UNPLUG
    Restoring to device... (  40.0% )
DO NOT UNPLUG
    Restoring to device... (  40.0% )
DO NOT UNPLUG
    Restoring to device... (  40.0% )
DO NOT UNPLUG
    Restoring to device... (  40.0% )
DO NOT UNPLUG
    Restoring to device... (  40.0% )
DO NOT UNPLUG
    Restoring to device... (  40.0% )
DO NOT UNPLUG
    Restoring to device... (  40.0% )
DO NOT UNPLUG
    Restoring to device... (  40.0% )
DO NOT UNPLUG
[iOS27] Protective backup pruned: -11271 manifest rows, -3081 payload files
[iOS27] Injected SystemPreferencesDomain/FeatureFlags/Global.plist into protective backup: True
[iOS27] Injected SystemPreferencesDomain/SystemConfiguration/com.apple.radios.plist into protective backup: True
    Restoring to device... (  40.0% )
DO NOT UNPLUG
    Restoring to device... (  40.0% )
DO NOT UNPLUG
    Restoring to device... (  40.0% )
DO NOT UNPLUG
    Restoring to device... (  40.0% )
DO NOT UNPLUG
    Restoring to device... (  40.0% )
DO NOT UNPLUG
    Restoring to device... (  40.0% )
DO NOT UNPLUG
    Restoring to device... (  40.0% )
DO NOT UNPLUG
    Restoring to device... (  60.0% )
DO NOT UNPLUG
Success! Rebooting your device...
Remember to turn Find My back on!
    Restoring to device... (  60.0% )
DO NOT UNPLUG
    Waiting for device after security recovery (0:00 elapsed)...
    Waiting for device after security recovery (0:06 elapsed)...
    Waiting for device after security recovery (0:14 elapsed)...
    Waiting for device after security recovery (0:25 elapsed)...
    Waiting for device after security recovery (0:42 elapsed)...
    Waiting for device after security recovery (1:41 elapsed)...
    Waiting for SpringBoard to finish launching...
    Restoring to device... (  70.0% )
DO NOT UNPLUG
    Restoring to device... (  70.0% )
DO NOT UNPLUG
    Restoring to device... (  70.0% )
DO NOT UNPLUG
    Restoring to device... (  70.0% )
DO NOT UNPLUG
    Restoring to device... (  70.0% )
DO NOT UNPLUG
    Restoring to device... (  70.0% )
DO NOT UNPLUG
    Restoring to device... (  70.0% )
DO NOT UNPLUG
    Restoring to device... (  84.4% )
DO NOT UNPLUG
    Restoring to device... (  92.2% )
DO NOT UNPLUG
    Restoring to device... (  94.4% )
DO NOT UNPLUG
    Restoring to device... (  94.9% )
DO NOT UNPLUG
    Restoring to device... (  95.4% )
DO NOT UNPLUG
    Restoring to device... (  95.9% )
DO NOT UNPLUG
    Restoring to device... (  96.1% )
DO NOT UNPLUG
    Restoring to device... (  96.4% )
DO NOT UNPLUG
    Restoring to device... (  96.6% )
DO NOT UNPLUG
    Restoring to device... (  96.8% )
DO NOT UNPLUG
    Restoring to device... (  97.1% )
DO NOT UNPLUG
    Restoring to device... (  97.3% )
DO NOT UNPLUG
    Restoring to device... (  97.5% )
DO NOT UNPLUG
    Restoring to device... (  97.8% )
DO NOT UNPLUG
    Restoring to device... (  98.0% )
DO NOT UNPLUG
    Restoring to device... (  98.2% )
DO NOT UNPLUG
    Restoring to device... (  98.5% )
DO NOT UNPLUG
    Restoring to device... (  98.7% )
DO NOT UNPLUG
    Restoring to device... (  98.9% )
DO NOT UNPLUG
    Restoring to device... (  99.2% )
DO NOT UNPLUG
    Restoring to device... (  99.9% )
DO NOT UNPLUG
    Restoring to device... ( 100.0% )
DO NOT UNPLUG
    Restoring to device... ( 100.0% )
DO NOT UNPLUG
RESULT: All done! Your device will now restart.

Remember to turn Find My back on!
