Please enter the device passcode to continue the backup
failed to include cv2!
Device: iPhone (Рустам) (iPhone15,4, D37AP) iOS 27.0 (24A5408d)
[classic] statusBarOverrides: 3944 bytes, carrier='awesomenull'
[flags] Speakeasy=OFF, SpeakeasyNewStatusBar=OFF

[start] three-phase protective backup path:
    Preparing to restore...
DO NOT UNPLUG
    Restoring to device... (   0.0% )
DO NOT UNPLUG
    Restoring to device... (   0.0% )
DO NOT UNPLUG
    Restoring to device... (   0.0% )
DO NOT UNPLUG
    Restoring to device... (   0.0% )
DO NOT UNPLUG
    Restoring to device... (   1.9% )
DO NOT UNPLUG
    Restoring to device... (   5.7% )
DO NOT UNPLUG
    Restoring to device... (  14.8% )
DO NOT UNPLUG
    Restoring to device... (  15.3% )
DO NOT UNPLUG
    Restoring to device... (  16.2% )
DO NOT UNPLUG
    Restoring to device... (  16.4% )
DO NOT UNPLUG
    Restoring to device... (  16.6% )
DO NOT UNPLUG
    Restoring to device... (  16.9% )
DO NOT UNPLUG
    Restoring to device... (  17.6% )
DO NOT UNPLUG
    Restoring to device... (  19.9% )
DO NOT UNPLUG
    Restoring to device... (  21.3% )
DO NOT UNPLUG
    Restoring to device... (  24.1% )
DO NOT UNPLUG
    Restoring to device... (  25.0% )
DO NOT UNPLUG
    Restoring to device... (  25.9% )
DO NOT UNPLUG
    Restoring to device... (  26.6% )
DO NOT UNPLUG
    Restoring to device... (  27.6% )
DO NOT UNPLUG
    Restoring to device... (  28.9% )
DO NOT UNPLUG
    Restoring to device... (  29.4% )
DO NOT UNPLUG
    Restoring to device... (  29.6% )
DO NOT UNPLUG
    Restoring to device... (  29.9% )
DO NOT UNPLUG
    Restoring to device... (  30.7% )
DO NOT UNPLUG
    Restoring to device... (  30.9% )
DO NOT UNPLUG
    Restoring to device... (  32.0% )
DO NOT UNPLUG
    Restoring to device... (  32.8% )
DO NOT UNPLUG
    Restoring to device... (  33.2% )
DO NOT UNPLUG
    Restoring to device... (  34.4% )
DO NOT UNPLUG
    Restoring to device... (  34.8% )
DO NOT UNPLUG
    Restoring to device... (  35.0% )
DO NOT UNPLUG
    Restoring to device... (  35.9% )
DO NOT UNPLUG
    Restoring to device... (  36.5% )
DO NOT UNPLUG
    Restoring to device... (  36.9% )
DO NOT UNPLUG
    Restoring to device... (  37.5% )
DO NOT UNPLUG
    Restoring to device... (  37.6% )
DO NOT UNPLUG
    Restoring to device... (  37.6% )
DO NOT UNPLUG
    Restoring to device... (  37.6% )
DO NOT UNPLUG
    Restoring to device... (  37.6% )
DO NOT UNPLUG
    Restoring to device... (  37.7% )
DO NOT UNPLUG
    Restoring to device... (  37.8% )
DO NOT UNPLUG
    Restoring to device... (  37.8% )
DO NOT UNPLUG
    Restoring to device... (  37.9% )
DO NOT UNPLUG
    Restoring to device... (  38.0% )
DO NOT UNPLUG
    Restoring to device... (  38.1% )
DO NOT UNPLUG
    Restoring to device... (  38.1% )
DO NOT UNPLUG
    Restoring to device... (  38.2% )
DO NOT UNPLUG
    Restoring to device... (  38.3% )
DO NOT UNPLUG
    Restoring to device... (  38.4% )
DO NOT UNPLUG
    Restoring to device... (  38.4% )
DO NOT UNPLUG
    Restoring to device... (  38.5% )
DO NOT UNPLUG
    Restoring to device... (  38.6% )
DO NOT UNPLUG
    Restoring to device... (  38.7% )
DO NOT UNPLUG
    Restoring to device... (  38.7% )
DO NOT UNPLUG
    Restoring to device... (  38.8% )
DO NOT UNPLUG
    Restoring to device... (  38.9% )
DO NOT UNPLUG
    Restoring to device... (  39.0% )
DO NOT UNPLUG
    Restoring to device... (  39.0% )
DO NOT UNPLUG
    Restoring to device... (  39.1% )
DO NOT UNPLUG
    Restoring to device... (  39.2% )
DO NOT UNPLUG
    Restoring to device... (  39.3% )
DO NOT UNPLUG
    Restoring to device... (  39.4% )
DO NOT UNPLUG
    Restoring to device... (  39.4% )
DO NOT UNPLUG
    Restoring to device... (  39.5% )
DO NOT UNPLUG
    Restoring to device... (  39.6% )
DO NOT UNPLUG
    Restoring to device... (  39.7% )
DO NOT UNPLUG
    Restoring to device... (  39.7% )
DO NOT UNPLUG
    Restoring to device... (  39.8% )
DO NOT UNPLUG
    Restoring to device... (  39.9% )
DO NOT UNPLUG
    Restoring to device... (  40.0% )
DO NOT UNPLUG
    Restoring to device... (  40.0% )
DO NOT UNPLUG
    Restoring to device... (  40.0% )
DO NOT UNPLUG
    Restoring to device... (  40.0% )
DO NOT UNPLUG
    Restoring to device... (  40.0% )
DO NOT UNPLUG
    Restoring to device... (  40.0% )
DO NOT UNPLUG
    Restoring to device... (  40.0% )
DO NOT UNPLUG
    Restoring to device... (  40.0% )
DO NOT UNPLUG
    Restoring to device... (  40.0% )
DO NOT UNPLUG
    Restoring to device... (  40.0% )
DO NOT UNPLUG
    Restoring to device... (  40.0% )
DO NOT UNPLUG
[iOS27] Protective backup pruned: -11911 manifest rows, -3364 payload files
    Restoring to device... (  40.0% )
DO NOT UNPLUG
    Restoring to device... (  40.0% )
DO NOT UNPLUG
    Restoring to device... (  40.0% )
DO NOT UNPLUG
    Restoring to device... (  40.0% )
DO NOT UNPLUG
    Restoring to device... (  40.0% )
DO NOT UNPLUG
    Restoring to device... (  40.0% )
DO NOT UNPLUG
    Restoring to device... (  40.0% )
DO NOT UNPLUG
    Restoring to device... (  60.0% )
DO NOT UNPLUG
Success! Rebooting your device...
Remember to turn Find My back on!
    Restoring to device... (  60.0% )
DO NOT UNPLUG
    Waiting for device after security recovery (0:00 elapsed)...
    Waiting for device after security recovery (0:05 elapsed)...
    Waiting for device after security recovery (0:13 elapsed)...
    Waiting for device after security recovery (0:24 elapsed)...
    Waiting for device after security recovery (0:41 elapsed)...
    Waiting for SpringBoard to finish launching...
    Restoring to device... (  70.0% )
DO NOT UNPLUG
    Restoring to device... (  70.0% )
DO NOT UNPLUG
    Restoring to device... (  70.0% )
DO NOT UNPLUG
    Restoring to device... (  70.0% )
DO NOT UNPLUG
    Restoring to device... (  70.0% )
DO NOT UNPLUG
    Restoring to device... (  70.0% )
DO NOT UNPLUG
    Restoring to device... (  70.0% )
DO NOT UNPLUG
    Restoring to device... (  84.5% )
DO NOT UNPLUG
    Restoring to device... (  92.3% )
DO NOT UNPLUG
    Restoring to device... (  94.4% )
DO NOT UNPLUG
    Restoring to device... (  95.0% )
DO NOT UNPLUG
    Restoring to device... (  95.4% )
DO NOT UNPLUG
    Restoring to device... (  95.9% )
DO NOT UNPLUG
    Restoring to device... (  96.1% )
DO NOT UNPLUG
    Restoring to device... (  96.4% )
DO NOT UNPLUG
    Restoring to device... (  96.6% )
DO NOT UNPLUG
    Restoring to device... (  96.8% )
DO NOT UNPLUG
    Restoring to device... (  97.1% )
DO NOT UNPLUG
    Restoring to device... (  97.3% )
DO NOT UNPLUG
    Restoring to device... (  97.5% )
DO NOT UNPLUG
    Restoring to device... (  97.8% )
DO NOT UNPLUG
    Restoring to device... (  98.0% )
DO NOT UNPLUG
    Restoring to device... (  98.2% )
DO NOT UNPLUG
    Restoring to device... (  98.5% )
DO NOT UNPLUG
    Restoring to device... (  98.7% )
DO NOT UNPLUG
    Restoring to device... (  98.9% )
DO NOT UNPLUG
    Restoring to device... (  99.2% )
DO NOT UNPLUG
    Restoring to device... (  99.6% )
DO NOT UNPLUG
    Restoring to device... ( 100.0% )
DO NOT UNPLUG
    Restoring to device... ( 100.0% )
DO NOT UNPLUG
RESULT: All done! Your device will now restart.

Remember to turn Find My back on!
